<?xml version="1.0" encoding="UTF-8"?>
<testsuites name="jest tests" tests="4" failures="0" errors="0" time="0.19">
  <testsuite name="undefined" errors="0" failures="0" skipped="0" timestamp="2025-05-12T14:04:39" time="0.168" tests="4">
    <testcase classname=" Soma 1 + 2 igual a 3" name=" Soma 1 + 2 igual a 3" time="0">
    </testcase>
    <testcase classname="teste matematicos das funçóes   soma de 2 + 2 deve ser 4 " name="teste matematicos das funçóes   soma de 2 + 2 deve ser 4 " time="0">
    </testcase>
    <testcase classname="teste matematicos das funçóes  multiplica 1 parametro zero" name="teste matematicos das funçóes  multiplica 1 parametro zero" time="0">
    </testcase>
    <testcase classname="teste matematicos das funçóes  divid segundo parametro zero retorna -1" name="teste matematicos das funçóes  divid segundo parametro zero retorna -1" time="0">
    </testcase>
  </testsuite>
</testsuites>